RAM Allocation
Variable                                                          Address   Size
--------------------------------------------------------------------------------
nilaisuhu                                                         0x0160       4
mb                                                                0x0164       2
mc                                                                0x0166       2
md                                                                0x0168       2
ac4                                                               0x016A       2
ac5                                                               0x016C       2
ac6                                                               0x016E       2
x1                                                                0x0170       4
x2                                                                0x0174       4
b5                                                                0x0178       4
b3                                                                0x017C       4
x3                                                                0x0180       4
b6                                                                0x0184       4
b7                                                                0x0188       4
b4                                                                0x018C       4
up                                                                0x0190       4
ut                                                                0x0194       4
pressure                                                          0x0198       4
ac1_hi                                                            0x019C       2
ac1_lo                                                            0x019E       2
ac2_hi                                                            0x01A0       2
ac2_lo                                                            0x01A2       2
ac3_hi                                                            0x01A4       2
ac3_lo                                                            0x01A6       2
ac4_hi                                                            0x01A8       2
ac4_lo                                                            0x01AA       2
ac5_hi                                                            0x01AC       2
ac5_lo                                                            0x01AE       2
ac6_hi                                                            0x01B0       2
ac6_lo                                                            0x01B2       2
b1_hi                                                             0x01B4       2
b1_lo                                                             0x01B6       2
b2_hi                                                             0x01B8       2
b2_lo                                                             0x01BA       2
mb_hi                                                             0x01BC       2
mb_lo                                                             0x01BE       2
mc_hi                                                             0x01C0       2
mc_lo                                                             0x01C2       2
md_hi                                                             0x01C4       2
md_lo                                                             0x01C6       2
slot                                                              0x01C8       1
state                                                             0x01C9       1
i                                                                 0x01CA       1
timer_rto                                                         0x01CB       1
curah_hujan                                                       0x01CC       2
encoder                                                           0x01CE       2
kecepatan_angin                                                   0x01D0       2
data_suhu                                                         0x01D2       4
data_kelembapan                                                   0x01D6       4
data_tekanan                                                      0x01DA       4
data_kompas                                                       0x01DE       2
jam                                                               0x01E0       1
menit                                                             0x01E1       1
detik                                                             0x01E2       1
tanggal                                                           0x01E3       1
bulan                                                             0x01E4       1
tahun                                                             0x01E5       1
jam_sinkron                                                       0x01E6       1
menit_sinkron                                                     0x01E7       1
detik_sinkron                                                     0x01E8       1
tanggal_sinkron                                                   0x01E9       1
bulan_sinkron                                                     0x01EA       1
tahun_sinkron                                                     0x01EB       1
jam_alarm                                                         0x01EC       1
menit_alarm                                                       0x01ED       1
data_received_sukses                                              0x01EE       1
delay                                                             0x01EF       2
delay_timer                                                       0x01F1       4
troughput                                                         0x01F5       4
data_received_kirim                                               0x01F9       2
delay_timer_kirim                                                 0x01FB       2
troughput_kirim                                                   0x01FD       2
_seed                                                             0x01FF       4

EEPROM Allocation
Variable                                                          Address   Size
--------------------------------------------------------------------------------

Register Allocation
Variable                                                          Register  Size
--------------------------------------------------------------------------------
ac1                                                               R4,R5        2
ac2                                                               R6,R7        2
ac3                                                               R8,R9        2
b1                                                                R10,R11      2
b2                                                                R12,R13      2
flag_ambil_data                                                   R2.0      1bit
respon_bangun_ack                                                 R2.1      1bit
flag_kirim_respon                                                 R2.2      1bit
rto                                                               R2.3      1bit
ambil_data_kecepatan                                              R2.4      1bit
flag_sinkron                                                      R2.5      1bit
flag_sleep_mode                                                   R2.6      1bit
flag_start_delay_timer                                            R2.7      1bit
ack                                                               R3.0      1bit
flag_start_hitung_truput                                          R3.1      1bit
flag_hitung_pdr                                                   R3.2      1bit
