RAM Allocation
Variable                                                          Address   Size
--------------------------------------------------------------------------------
nilaisuhu                                                         0160h        4
mb                                                                0164h        2
mc                                                                0166h        2
md                                                                0168h        2
ac4                                                               016Ah        2
ac5                                                               016Ch        2
ac6                                                               016Eh        2
x1                                                                0170h        4
x2                                                                0174h        4
b5                                                                0178h        4
b3                                                                017Ch        4
x3                                                                0180h        4
b6                                                                0184h        4
b7                                                                0188h        4
b4                                                                018Ch        4
up                                                                0190h        4
ut                                                                0194h        4
ac1_hi                                                            0198h        2
ac1_lo                                                            019Ah        2
ac2_hi                                                            019Ch        2
ac2_lo                                                            019Eh        2
ac3_hi                                                            01A0h        2
ac3_lo                                                            01A2h        2
ac4_hi                                                            01A4h        2
ac4_lo                                                            01A6h        2
ac5_hi                                                            01A8h        2
ac5_lo                                                            01AAh        2
ac6_hi                                                            01ACh        2
ac6_lo                                                            01AEh        2
b1_hi                                                             01B0h        2
b1_lo                                                             01B2h        2
b2_hi                                                             01B4h        2
b2_lo                                                             01B6h        2
mb_hi                                                             01B8h        2
mb_lo                                                             01BAh        2
mc_hi                                                             01BCh        2
mc_lo                                                             01BEh        2
md_hi                                                             01C0h        2
md_lo                                                             01C2h        2
slot                                                              01C4h        1
state                                                             01C5h        1
i                                                                 01C6h        1
timer_rto                                                         01C7h        1
curah_hujan                                                       01C8h        2
encoder                                                           01CAh        2
kecepatan_angin                                                   01CCh        2
data_suhu                                                         01CEh        2
data_kelembapan                                                   01D0h        2
suhu_bmp085                                                       01D2h        2
data_tekanan                                                      01D4h        4
data_kompas                                                       01D8h        2
jam                                                               01DAh        1
menit                                                             01DBh        1
detik                                                             01DCh        1
tanggal                                                           01DDh        1
bulan                                                             01DEh        1
tahun                                                             01DFh        1
jam_sinkron                                                       01E0h        1
menit_sinkron                                                     01E1h        1
detik_sinkron                                                     01E2h        1
tanggal_sinkron                                                   01E3h        1
bulan_sinkron                                                     01E4h        1
tahun_sinkron                                                     01E5h        1
jam_alarm                                                         01E6h        1
menit_alarm                                                       01E7h        1
data_received_sukses                                              01E8h        1
delay                                                             01E9h        2
delay_timer                                                       01EBh        4
troughput                                                         01EFh        4
data_received_kirim                                               01F3h        2
delay_timer_kirim                                                 01F5h        2
troughput_kirim                                                   01F7h        2
_seed                                                             01F9h        4

EEPROM Allocation
Variable                                                          Address   Size
--------------------------------------------------------------------------------
jam_e                                                             0000h       56
menit_e                                                           0038h       56
kompas_e                                                          0070h      112
suhu_e                                                            00E0h       56
kelembapan_e                                                      0118h       56
tekanan_e                                                         0150h      112
kecepatan_e                                                       01C0h       56
data_ke                                                           01F8h        1

Register Allocation
Variable                                                          Register  Size
--------------------------------------------------------------------------------
ac1                                                               R4,R5        2
ac2                                                               R6,R7        2
ac3                                                               R8,R9        2
b1                                                                R10,R11      2
b2                                                                R12,R13      2
flag_ambil_data                                                   R2.0      1bit
respon_bangun_ack                                                 R2.1      1bit
flag_kirim_respon                                                 R2.2      1bit
rto                                                               R2.3      1bit
ambil_data_kecepatan                                              R2.4      1bit
flag_sinkron                                                      R2.5      1bit
flag_sleep_mode                                                   R2.6      1bit
flag_start_delay_timer                                            R2.7      1bit
ack                                                               R3.0      1bit
flag_start_hitung_truput                                          R3.1      1bit
flag_hitung_pdr                                                   R3.2      1bit
